Swarm initialized: current node (nodeID) is now a manager.

To add a manager to this swarm, run 'swarmctl swarm join-token manager' and follow the instructions.

