To add a manager to this swarm, run the following command:

    swarmctl swarm join --token manager-join-token 127.0.0.1

