To add a worker to this swarm, run the following command:

    swarmctl swarm join --token worker-join-token 127.0.0.1

